[debug] [2025-07-26T18:24:24.435Z] ----------------------------------------------------------------------
[debug] [2025-07-26T18:24:24.436Z] Command:       /home/edhbs/.nvm/versions/node/v24.4.1/bin/node /home/edhbs/.nvm/versions/node/v24.4.1/bin/firebase init hosting
[debug] [2025-07-26T18:24:24.436Z] CLI Version:   14.11.1
[debug] [2025-07-26T18:24:24.436Z] Platform:      linux
[debug] [2025-07-26T18:24:24.436Z] Node Version:  v24.4.1
[debug] [2025-07-26T18:24:24.437Z] Time:          Sun Jul 27 2025 01:24:24 GMT+0700 (Western Indonesia Time)
[debug] [2025-07-26T18:24:24.437Z] ----------------------------------------------------------------------
[debug] 
[debug] [2025-07-26T18:24:24.552Z] > command requires scopes: ["email","openid","https://www.googleapis.com/auth/cloudplatformprojects.readonly","https://www.googleapis.com/auth/firebase","https://www.googleapis.com/auth/cloud-platform"]
[debug] [2025-07-26T18:24:24.553Z] > authorizing via signed-in user (erlandohbs@gmail.com)
[info] 
     ######## #### ########  ######## ########     ###     ######  ########
     ##        ##  ##     ## ##       ##     ##  ##   ##  ##       ##
     ######    ##  ########  ######   ########  #########  ######  ######
     ##        ##  ##    ##  ##       ##     ## ##     ##       ## ##
     ##       #### ##     ## ######## ########  ##     ##  ######  ########

You're about to initialize a Firebase project in this directory:

  /home/edhbs/Documents/BE/CV

Before we get started, keep in mind:

  * You are initializing within an existing Firebase project directory

[info] 
=== Project Setup
[info] 
[info] First, let's associate this project directory with a Firebase project.
[info] You can create multiple project aliases by running firebase use --add, 
[info] but for now we'll just set up a default project.
[info] 
[debug] [2025-07-26T18:24:24.554Z] Using project from CLI flag: erlandohbs
[debug] [2025-07-26T18:24:24.555Z] Checked if tokens are valid: true, expires at: 1753557678954
[debug] [2025-07-26T18:24:24.555Z] Checked if tokens are valid: true, expires at: 1753557678954
[debug] [2025-07-26T18:24:24.556Z] >>> [apiv2][query] GET https://firebase.googleapis.com/v1beta1/projects/erlandohbs [none]
[debug] [2025-07-26T18:24:24.986Z] <<< [apiv2][status] GET https://firebase.googleapis.com/v1beta1/projects/erlandohbs 200
[debug] [2025-07-26T18:24:24.987Z] <<< [apiv2][body] GET https://firebase.googleapis.com/v1beta1/projects/erlandohbs {"projectId":"erlandohbs","projectNumber":"792148890926","displayName":"erlandohbs","name":"projects/erlandohbs","resources":{"hostingSite":"erlandohbs"},"state":"ACTIVE","etag":"1_08c81c71-9f60-40b2-ab6e-a85cc32333f9"}
[info] i  Using project erlandohbs (erlandohbs) 
[info] 
=== Hosting Setup
[debug] [2025-07-26T18:24:24.995Z] Checked if tokens are valid: true, expires at: 1753557678954
[debug] [2025-07-26T18:24:24.996Z] Checked if tokens are valid: true, expires at: 1753557678954
[debug] [2025-07-26T18:24:24.996Z] >>> [apiv2][query] GET https://firebase.googleapis.com/v1beta1/projects/erlandohbs [none]
[debug] [2025-07-26T18:24:25.619Z] <<< [apiv2][status] GET https://firebase.googleapis.com/v1beta1/projects/erlandohbs 200
[debug] [2025-07-26T18:24:25.619Z] <<< [apiv2][body] GET https://firebase.googleapis.com/v1beta1/projects/erlandohbs {"projectId":"erlandohbs","projectNumber":"792148890926","displayName":"erlandohbs","name":"projects/erlandohbs","resources":{"hostingSite":"erlandohbs"},"state":"ACTIVE","etag":"1_08c81c71-9f60-40b2-ab6e-a85cc32333f9"}
[info] 
[info] Your public directory is the folder (relative to your project directory) that
[info] will contain Hosting assets to be uploaded with firebase deploy. If you
[info] have a build process for your assets, use your build's output directory.
[info] 
[debug] [2025-07-26T18:24:36.195Z] ExitPromptError: User force closed the prompt with SIGINT
    at Interface.sigint (/home/edhbs/.nvm/versions/node/v24.4.1/lib/node_modules/firebase-tools/node_modules/@inquirer/core/dist/commonjs/lib/create-prompt.js:101:37)
    at Interface.emit (node:events:507:28)
    at Interface.emit (node:domain:489:12)
    at [_ttyWrite] [as _ttyWrite] (node:internal/readline/interface:1315:18)
    at ReadStream.onkeypress (node:internal/readline/interface:284:20)
    at ReadStream.emit (node:events:519:35)
    at ReadStream.emit (node:domain:489:12)
    at emitKeys (node:internal/readline/utils:371:14)
    at emitKeys.next (<anonymous>)
    at ReadStream.onData (node:internal/readline/emitKeypressEvents:64:36)
[error] 
[error] Error: An unexpected error has occurred.
